// Jest Snapshot v1, https://goo.gl/fbAQLP

exports[`CampusMap Screen renders correctly 1`] = `
<View
  style={
    {
      "backgroundColor": "#fff",
      "flex": 1,
    }
  }
>
  <View
    style={
      {
        "flex": 1,
      }
    }
  />
</View>
`;
