// Jest Snapshot v1, https://goo.gl/fbAQLP

exports[`Headers  renders correctly in light mode 1`] = `
<View
  style={
    {
      "flex": 0.6,
    }
  }
>
  <View />
  <View
    style={
      {
        "alignContent": "space-around",
        "alignItems": "center",
        "flex": 1,
        "flexDirection": "row",
        "justifyContent": "space-evenly",
        "padding": 20,
        "width": "100%",
      }
    }
  >
    <View
      style={
        {
          "flex": 1,
        }
      }
    >
      <View>
        <Image
          source={
            {
              "testUri": "../../../assets/images/logo.png",
            }
          }
          style={
            {
              "height": 50,
              "width": 50,
            }
          }
          tintColor="#fff"
        />
      </View>
    </View>
    <View>
      <Text
        style={
          [
            {
              "alignItems": "center",
              "color": "#fff",
              "fontSize": 30,
              "fontWeight": "bold",
              "justifyContent": "space-around",
              "padding": 10,
            },
          ]
        }
      >
        Campus Pilot
      </Text>
    </View>
    <View
      style={
        {
          "alignItems": "center",
          "backgroundColor": "#000",
          "flex": 1,
          "flexDirection": "column",
          "justifyContent": "center",
          "width": "100%",
        }
      }
    >
      <View>
        <View
          accessibilityState={
            {
              "busy": undefined,
              "checked": undefined,
              "disabled": undefined,
              "expanded": undefined,
              "selected": undefined,
            }
          }
          accessibilityValue={
            {
              "max": undefined,
              "min": undefined,
              "now": undefined,
              "text": undefined,
            }
          }
          accessible={true}
          collapsable={false}
          focusable={true}
          onClick={[Function]}
          onResponderGrant={[Function]}
          onResponderMove={[Function]}
          onResponderRelease={[Function]}
          onResponderTerminate={[Function]}
          onResponderTerminationRequest={[Function]}
          onStartShouldSetResponder={[Function]}
          style={
            {
              "opacity": 1,
            }
          }
        >
          <Image
            source={
              {
                "testUri": "../../../assets/images/sleep-mode.png",
              }
            }
            style={
              {
                "height": 40,
                "width": 40,
              }
            }
            tintColor="#fff"
          />
        </View>
      </View>
    </View>
  </View>
</View>
`;
