// Jest Snapshot v1, https://goo.gl/fbAQLP

exports[`ConcordiaShuttleTimes matches snapshot 1`] = `
<View
  style={
    {
      "backgroundColor": "rgba(145, 35, 55, 0.99)",
      "maxHeight": "37%",
      "padding": 15,
      "width": "100%",
    }
  }
>
  <Text
    style={
      {
        "color": "white",
        "fontSize": 18,
        "fontWeight": "bold",
        "marginBottom": 8,
        "textAlign": "center",
        "textTransform": "uppercase",
      }
    }
  >
    Bus Shuttle Departure Times
  </Text>
  <Text
    style={
      {
        "color": "white",
        "fontSize": 16,
        "marginBottom": 15,
        "textAlign": "center",
      }
    }
  >
    Current Time: 
    17:00
  </Text>
  <View
    style={
      {
        "borderBottomColor": "white",
        "borderBottomWidth": 1,
        "flexDirection": "row",
        "justifyContent": "space-around",
        "marginBottom": 15,
        "paddingBottom": 10,
        "paddingHorizontal": 20,
      }
    }
  >
    <Text
      style={
        {
          "color": "white",
          "flex": 1,
          "fontSize": 14,
          "fontWeight": "bold",
          "textAlign": "center",
        }
      }
    >
      LOYOLA CAMPUS
    </Text>
    <Text
      style={
        {
          "color": "white",
          "flex": 1,
          "fontSize": 14,
          "fontWeight": "bold",
          "textAlign": "center",
        }
      }
    >
      SGW CAMPUS
    </Text>
  </View>
  <View
    style={
      {
        "flexDirection": "row",
        "justifyContent": "space-around",
        "marginVertical": 8,
        "paddingHorizontal": 20,
      }
    }
  >
    <View
      style={
        {
          "alignItems": "center",
          "flex": 1,
        }
      }
    >
      <Text
        style={
          {
            "color": "white",
            "flexDirection": "row",
            "fontSize": 14,
            "fontWeight": "500",
            "justifyContent": "center",
            "minWidth": 150,
            "textAlign": "center",
          }
        }
      >
        17:00
        <Text
          style={
            [
              {
                "flex": 1,
                "fontSize": 14,
                "marginLeft": 8,
                "textAlign": "left",
              },
              {
                "color": "#ffd700",
                "fontWeight": "bold",
              },
            ]
          }
        >
            ⏳ Departing...
        </Text>
      </Text>
    </View>
    <View
      style={
        {
          "alignItems": "center",
          "flex": 1,
        }
      }
    >
      <Text
        style={
          {
            "color": "white",
            "flexDirection": "row",
            "fontSize": 14,
            "fontWeight": "500",
            "justifyContent": "center",
            "minWidth": 150,
            "textAlign": "center",
          }
        }
      >
        17:00
        <Text
          style={
            [
              {
                "flex": 1,
                "fontSize": 14,
                "marginLeft": 8,
                "textAlign": "left",
              },
              {
                "color": "#ffd700",
                "fontWeight": "bold",
              },
            ]
          }
        >
            ⏳ Departing...
        </Text>
      </Text>
    </View>
  </View>
  <View
    style={
      {
        "flexDirection": "row",
        "justifyContent": "space-around",
        "marginVertical": 8,
        "paddingHorizontal": 20,
      }
    }
  >
    <View
      style={
        {
          "alignItems": "center",
          "flex": 1,
        }
      }
    >
      <Text
        style={
          {
            "color": "white",
            "flexDirection": "row",
            "fontSize": 14,
            "fontWeight": "500",
            "justifyContent": "center",
            "minWidth": 150,
            "textAlign": "center",
          }
        }
      >
        17:15
        <Text
          style={
            [
              {
                "flex": 1,
                "fontSize": 14,
                "marginLeft": 8,
                "textAlign": "left",
              },
              {
                "color": "white",
              },
            ]
          }
        >
            🚌 in 15 min
        </Text>
      </Text>
    </View>
    <View
      style={
        {
          "alignItems": "center",
          "flex": 1,
        }
      }
    >
      <Text
        style={
          {
            "color": "white",
            "flexDirection": "row",
            "fontSize": 14,
            "fontWeight": "500",
            "justifyContent": "center",
            "minWidth": 150,
            "textAlign": "center",
          }
        }
      >
        17:15
        <Text
          style={
            [
              {
                "flex": 1,
                "fontSize": 14,
                "marginLeft": 8,
                "textAlign": "left",
              },
              {
                "color": "white",
              },
            ]
          }
        >
            🚌 in 15 min
        </Text>
      </Text>
    </View>
  </View>
  <View
    style={
      {
        "flexDirection": "row",
        "justifyContent": "space-around",
        "marginVertical": 8,
        "paddingHorizontal": 20,
      }
    }
  >
    <View
      style={
        {
          "alignItems": "center",
          "flex": 1,
        }
      }
    >
      <Text
        style={
          {
            "color": "white",
            "flexDirection": "row",
            "fontSize": 14,
            "fontWeight": "500",
            "justifyContent": "center",
            "minWidth": 150,
            "textAlign": "center",
          }
        }
      >
        17:30
        <Text
          style={
            [
              {
                "flex": 1,
                "fontSize": 14,
                "marginLeft": 8,
                "textAlign": "left",
              },
              {
                "color": "white",
              },
            ]
          }
        >
            🚌 in 30 min
        </Text>
      </Text>
    </View>
    <View
      style={
        {
          "alignItems": "center",
          "flex": 1,
        }
      }
    >
      <Text
        style={
          {
            "color": "white",
            "flexDirection": "row",
            "fontSize": 14,
            "fontWeight": "500",
            "justifyContent": "center",
            "minWidth": 150,
            "textAlign": "center",
          }
        }
      >
        17:30
        <Text
          style={
            [
              {
                "flex": 1,
                "fontSize": 14,
                "marginLeft": 8,
                "textAlign": "left",
              },
              {
                "color": "white",
              },
            ]
          }
        >
            🚌 in 30 min
        </Text>
      </Text>
    </View>
  </View>
</View>
`;
